concurrent.futures.process._RemoteTraceback: 
"""
Traceback (most recent call last):
  File "/opt/homebrew/Cellar/python@3.14/3.14.6/Frameworks/Python.framework/Versions/3.14/lib/python3.14/concurrent/futures/process.py", line 254, in _process_worker
    r = call_item.fn(*call_item.args, **call_item.kwargs)
  File "/opt/homebrew/Cellar/python@3.14/3.14.6/Frameworks/Python.framework/Versions/3.14/lib/python3.14/concurrent/futures/process.py", line 203, in _process_chunk
    return [fn(*args) for args in chunk]
            ~~^^^^^^^
  File "<experiment>/segment.py", line 11, in process
    image=io.imread(path).astype(float)
          ~~~~~~~~~^^^^^^
  File "<experiment>/.venv/lib/python3.14/site-packages/skimage/_shared/utils.py", line 386, in fixed_func
    return func(*args, **kwargs)
  File "<experiment>/.venv/lib/python3.14/site-packages/skimage/io/_io.py", line 82, in imread
    img = call_plugin('imread', fname, plugin=plugin, **plugin_args)
  File "<experiment>/.venv/lib/python3.14/site-packages/skimage/_shared/utils.py", line 690, in wrapped
    return func(*args, **kwargs)
  File "<experiment>/.venv/lib/python3.14/site-packages/skimage/io/manage_plugins.py", line 254, in call_plugin
    return func(*args, **kwargs)
  File "<experiment>/.venv/lib/python3.14/site-packages/skimage/io/_plugins/tifffile_plugin.py", line 74, in imread
    return tifffile_imread(fname, **kwargs)
  File "<experiment>/.venv/lib/python3.14/site-packages/tifffile/tifffile.py", line 1262, in imread
    with TiffFile(
         ~~~~~~~~^
        files,
        ^^^^^^
    ...<8 lines>...
        **is_flags,
        ^^^^^^^^^^^
    ) as tif:
    ^
  File "<experiment>/.venv/lib/python3.14/site-packages/tifffile/tifffile.py", line 4576, in __init__
    raise TiffFileError(msg) from None
tifffile.tifffile.TiffFileError: not a TIFF file: header=b'\x00\x05\x16\x07'
"""

The above exception was the direct cause of the following exception:

Traceback (most recent call last):
  File "<experiment>/segment.py", line 40, in <module>
    for n,name in enumerate(pool.map(process,[(path,a.out) for path in paths]),1):
                  ~~~~~~~~~^^^^^^^^^^^^^^^^^^^^^^^^^^^^^^^^^^^^^^^^^^^^^^^^^^^^^^
  File "/opt/homebrew/Cellar/python@3.14/3.14.6/Frameworks/Python.framework/Versions/3.14/lib/python3.14/concurrent/futures/process.py", line 617, in _chain_from_iterable_of_lists
    for element in iterable:
                   ^^^^^^^^
  File "/opt/homebrew/Cellar/python@3.14/3.14.6/Frameworks/Python.framework/Versions/3.14/lib/python3.14/concurrent/futures/_base.py", line 645, in result_iterator
    yield _result_or_cancel(fs.pop())
          ~~~~~~~~~~~~~~~~~^^^^^^^^^^
  File "/opt/homebrew/Cellar/python@3.14/3.14.6/Frameworks/Python.framework/Versions/3.14/lib/python3.14/concurrent/futures/_base.py", line 312, in _result_or_cancel
    return fut.result(timeout)
           ~~~~~~~~~~^^^^^^^^^
  File "/opt/homebrew/Cellar/python@3.14/3.14.6/Frameworks/Python.framework/Versions/3.14/lib/python3.14/concurrent/futures/_base.py", line 454, in result
    return self.__get_result()
           ~~~~~~~~~~~~~~~~~^^
  File "/opt/homebrew/Cellar/python@3.14/3.14.6/Frameworks/Python.framework/Versions/3.14/lib/python3.14/concurrent/futures/_base.py", line 396, in __get_result
    raise self._exception
tifffile.tifffile.TiffFileError: not a TIFF file: header=b'\x00\x05\x16\x07'
