10/200 IXMtest_A21_s1_w1D8BF2790-C628-4109-94AF-DF6D8A3480B6
20/200 IXMtest_B19_s7_w1E43B84DB-39E2-4BFB-8CB4-554B32098C75
30/200 IXMtest_C05_s7_w1F71963FB-8F29-41CB-A5F5-07CB9584BBC5
40/200 IXMtest_D04_s2_w1E05C134E-BAFE-4FD7-8116-2D05E0839879
50/200 IXMtest_E04_s4_w1F5ABC12B-FABD-4E33-AB99-82271209853E
60/200 IXMtest_F01_s2_w189F7DC13-4572-43C9-8C23-CD9AEB41B24A
70/200 IXMtest_F14_s7_w1E67F2A8A-EEC1-4F01-A1E2-0ECFC639637F
80/200 IXMtest_G12_s6_w16850371E-A405-4D73-9816-F5F68F885D38
90/200 IXMtest_H01_s9_w1237AA324-894F-4C97-99F3-FEF47F52A550
100/200 IXMtest_H24_s6_w15034AA9F-051A-4BF0-A62F-ABAE599C4867
110/200 IXMtest_I16_s9_w1582FD22A-5270-4FDC-868F-5F75808E2321
120/200 IXMtest_J11_s2_w1177A125B-DEBE-4CB7-8F26-53A871785BA5
130/200 IXMtest_K05_s7_w1816D5E2A-B9D8-48DA-9FE6-CBC35FE38C8D
140/200 IXMtest_L01_s3_w1E7E0D198-5FB4-4E10-A27C-C46463DA9E06
150/200 IXMtest_L17_s1_w1DDC627E5-ADF1-441C-A437-D1D91CC0D498
160/200 IXMtest_N08_s2_w159DEEDD5-2882-4F9E-9048-F5BD2B918651
170/200 IXMtest_N24_s7_w1AC0733FE-E0FD-45B2-930B-FEEAB052DB36
180/200 IXMtest_O16_s2_w1F6F6A3A1-99E4-4029-B734-022806CF6D42
190/200 IXMtest_P10_s2_w130B9EBAE-801C-4AAC-A3CE-1C96EE2E6FF9
200/200 IXMtest_P24_s9_w13AC6C03C-E8D7-4A23-B649-514BB4052F52
